[2026-01-18 11:25:53] INFO: Admin kijelentkezés kísérlet.
[DEV] {"admin_id":1}
[2026-01-18 11:25:53] INFO: Admin kijelentkezés megtörtént
[2026-01-18 11:26:00] INFO: Admin login próbálkozás
[DEV] {"email":"arpadsz@max.hu"}
[2026-01-18 11:29:24] INFO: Új admin meghívó létrehozva
[DEV] {"admin_id":"3","email":"developedbybarley@gmail.com","token":"abc9874d58f8c27ec1f30d3334d14390991912680ab430e6a61ffb07597be391"}
[2026-01-18 11:29:34] INFO: Admin meghívó érvényesítve
[DEV] {"token":"abc9874d58f8c27ec1f30d3334d14390991912680ab430e6a61ffb07597be391"}
[2026-01-18 11:29:43] INFO: Admin meghívó érvényesítve
[DEV] {"token":"abc9874d58f8c27ec1f30d3334d14390991912680ab430e6a61ffb07597be391"}
[2026-01-18 11:31:01] INFO: Admin meghívó érvényesítve
[DEV] {"token":"abc9874d58f8c27ec1f30d3334d14390991912680ab430e6a61ffb07597be391"}
[2026-01-18 11:31:02] INFO: Admin meghívó érvényesítve
[DEV] {"token":"abc9874d58f8c27ec1f30d3334d14390991912680ab430e6a61ffb07597be391"}
[2026-01-18 11:31:08] INFO: Admin meghívó érvényesítve
[DEV] {"token":"abc9874d58f8c27ec1f30d3334d14390991912680ab430e6a61ffb07597be391"}
[2026-01-18 11:31:08] INFO: Admin meghívó token törölve
[DEV] {"token":"abc9874d58f8c27ec1f30d3334d14390991912680ab430e6a61ffb07597be391"}
[2026-01-18 11:31:17] INFO: Admin kijelentkezés kísérlet.
[DEV] {"admin_id":1}
[2026-01-18 11:31:17] INFO: Admin kijelentkezés megtörtént
[2026-01-18 11:31:25] INFO: Admin login próbálkozás
[DEV] {"email":"developedbybarley@gmail.com"}
[2026-01-18 11:36:49] INFO: Admin kijelentkezés kísérlet.
[DEV] {"admin_id":3}
[2026-01-18 11:36:49] INFO: Admin kijelentkezés megtörtént
[2026-01-18 11:36:56] INFO: Admin login próbálkozás
[DEV] {"email":"arpadsz@max.hu"}
[2026-01-18 11:38:19] INFO: Admin frissítése: arpadsz@max.hu
[DEV] {"admin":"arpadsz@max.hu"}
[2026-01-18 11:41:09] INFO: Admin létrehozása oldal megnyitva
[DEV] {"admin":"arpadsz@max.hu"}
[2026-03-02 16:16:43] INFO: Admin dashboard megnyitva
[DEV] {"admin":"arpadsz@max.hu"}
[2026-03-02 16:16:45] INFO: Admin kijelentkezés kísérlet.
[DEV] {"admin_id":"38"}
[2026-03-02 16:16:45] INFO: Admin kijelentkezés megtörtént
[2026-03-02 16:17:07] INFO: Admin login próbálkozás
[DEV] {"email":"bogi@max.hu"}
[2026-03-02 16:17:08] INFO: Admin dashboard megnyitva
[DEV] {"admin":"bogi@max.hu"}
[2026-03-02 16:17:12] INFO: Feliratkozók lista megnyitva
[DEV] {"search":null,"admin":"bogi@max.hu"}
[2026-03-02 16:17:14] INFO: Absztraktok lista megnyitva
[DEV] {"admin":"bogi@max.hu"}
[2026-03-02 16:17:25] INFO: Absztraktok lista megnyitva
[DEV] {"admin":"bogi@max.hu"}
[2026-03-02 16:17:27] INFO: Feliratkozók lista megnyitva
[DEV] {"search":null,"admin":"bogi@max.hu"}
[2026-03-02 16:17:29] INFO: Admin dashboard megnyitva
[DEV] {"admin":"bogi@max.hu"}
[2026-03-02 19:49:28] INFO: Admin login próbálkozás
[DEV] {"email":"bogi@max.hu"}
[2026-03-02 19:49:28] INFO: Admin dashboard megnyitva
[DEV] {"admin":"bogi@max.hu"}
[2026-03-02 19:49:29] INFO: Absztraktok lista megnyitva
[DEV] {"admin":"bogi@max.hu"}
[2026-03-02 19:49:30] INFO: Feliratkozók lista megnyitva
[DEV] {"search":null,"admin":"bogi@max.hu"}
[2026-03-02 19:49:31] INFO: Absztraktok lista megnyitva
[DEV] {"admin":"bogi@max.hu"}
[2026-03-02 19:52:43] INFO: Admin dashboard megnyitva
[DEV] {"admin":"bogi@max.hu"}
[2026-03-02 19:52:45] INFO: Absztraktok lista megnyitva
[DEV] {"admin":"bogi@max.hu"}
[2026-03-02 19:52:46] INFO: Feliratkozók lista megnyitva
[DEV] {"search":null,"admin":"bogi@max.hu"}
[2026-03-02 19:52:47] INFO: Absztraktok lista megnyitva
[DEV] {"admin":"bogi@max.hu"}
[2026-03-02 19:52:48] INFO: Absztrakt letöltés
[DEV] {"id":"18","file":"44956498269a5dc4aadac20.59944746.docx","admin":"bogi@max.hu"}
[2026-03-03 10:47:25] INFO: Admin login próbálkozás
[DEV] {"email":"bogi@max.hu"}
[2026-03-03 10:47:25] INFO: Admin dashboard megnyitva
[DEV] {"admin":"bogi@max.hu"}
[2026-03-03 10:47:26] INFO: Absztraktok lista megnyitva
[DEV] {"admin":"bogi@max.hu"}
[2026-03-03 10:47:27] INFO: Absztrakt letöltés
[DEV] {"id":"19","file":"152546582269a6ae1b781bf5.71567856.docx","admin":"bogi@max.hu"}
[2026-03-03 10:56:58] INFO: Absztraktok lista megnyitva
[DEV] {"admin":"bogi@max.hu"}
[2026-03-03 11:10:44] INFO: Absztraktok lista megnyitva
[DEV] {"admin":"bogi@max.hu"}
[2026-03-03 11:12:56] INFO: Admin dashboard megnyitva
[DEV] {"admin":"bogi@max.hu"}
[2026-03-03 11:12:57] INFO: Absztraktok lista megnyitva
[DEV] {"admin":"bogi@max.hu"}
[2026-03-03 11:15:10] INFO: Absztraktok lista megnyitva
[DEV] {"admin":"bogi@max.hu"}
[2026-03-03 11:15:10] INFO: Absztraktok lista megnyitva
[DEV] {"admin":"bogi@max.hu"}
[2026-03-03 11:15:11] INFO: Absztraktok lista megnyitva
[DEV] {"admin":"bogi@max.hu"}
[2026-03-03 11:15:11] INFO: Absztraktok lista megnyitva
[DEV] {"admin":"bogi@max.hu"}
[2026-03-03 11:15:11] INFO: Absztraktok lista megnyitva
[DEV] {"admin":"bogi@max.hu"}
[2026-03-03 11:15:11] INFO: Absztraktok lista megnyitva
[DEV] {"admin":"bogi@max.hu"}
[2026-03-03 11:15:12] INFO: Absztraktok lista megnyitva
[DEV] {"admin":"bogi@max.hu"}
[2026-03-03 11:26:03] INFO: Admin dashboard megnyitva
[DEV] {"admin":"bogi@max.hu"}
[2026-03-03 11:26:04] INFO: Feliratkozók lista megnyitva
[DEV] {"search":null,"admin":"bogi@max.hu"}
[2026-03-03 11:26:48] INFO: Feliratkozók lista megnyitva
[DEV] {"search":null,"admin":"bogi@max.hu"}
[2026-03-03 11:26:49] INFO: Absztraktok lista megnyitva
[DEV] {"admin":"bogi@max.hu"}
[2026-03-03 11:26:50] INFO: Feliratkozók lista megnyitva
[DEV] {"search":null,"admin":"bogi@max.hu"}
[2026-03-03 11:26:56] INFO: Admin dashboard megnyitva
[DEV] {"admin":"bogi@max.hu"}
[2026-03-03 11:26:57] INFO: Feliratkozók lista megnyitva
[DEV] {"search":null,"admin":"bogi@max.hu"}
[2026-03-03 11:26:58] INFO: Absztraktok lista megnyitva
[DEV] {"admin":"bogi@max.hu"}
[2026-03-03 11:26:59] INFO: Feliratkozók lista megnyitva
[DEV] {"search":null,"admin":"bogi@max.hu"}
[2026-03-03 11:27:01] INFO: FTFL feliratkozók export indítva
[DEV] {"admin":"bogi@max.hu"}
[2026-03-03 11:27:09] INFO: Csak előadók export indítva
[DEV] {"admin":"bogi@max.hu"}
[2026-03-03 11:27:54] INFO: Feliratkozók lista megnyitva
[DEV] {"search":null,"admin":"bogi@max.hu"}
[2026-03-03 11:29:32] INFO: Admin dashboard megnyitva
[DEV] {"admin":"bogi@max.hu"}
[2026-03-03 11:29:34] INFO: Feliratkozók lista megnyitva
[DEV] {"search":null,"admin":"bogi@max.hu"}
[2026-03-03 11:29:36] INFO: Csak előadók export indítva
[DEV] {"admin":"bogi@max.hu"}
[2026-03-03 11:29:41] INFO: Csak FTFL résztvevők export indítva
[DEV] {"admin":"bogi@max.hu"}
[2026-03-03 11:29:52] INFO: Feliratkozók export indítva
[DEV] {"admin":"bogi@max.hu"}
[2026-03-03 11:30:08] INFO: Admin dashboard megnyitva
[DEV] {"admin":"bogi@max.hu"}
[2026-03-03 11:37:19] INFO: Admin dashboard megnyitva
[DEV] {"admin":"bogi@max.hu"}
[2026-03-03 11:37:46] INFO: Admin dashboard megnyitva
[DEV] {"admin":"bogi@max.hu"}
[2026-03-03 11:37:48] INFO: Absztraktok lista megnyitva
[DEV] {"admin":"bogi@max.hu"}
[2026-03-03 11:37:54] INFO: Admin dashboard megnyitva
[DEV] {"admin":"bogi@max.hu"}
[2026-03-04 12:55:21] INFO: Admin login próbálkozás
[DEV] {"email":"bogi@max.hu"}
[2026-03-04 12:55:21] INFO: Admin dashboard megnyitva
[DEV] {"admin":"bogi@max.hu"}
[2026-03-04 12:55:23] INFO: Absztraktok lista megnyitva
[DEV] {"admin":"bogi@max.hu"}
[2026-03-04 12:55:28] INFO: Absztrakt letöltés
[DEV] {"id":"28","file":"95613911869a81d32d7de34.02145741.docx","admin":"bogi@max.hu"}
[2026-03-04 14:21:45] INFO: Admin login próbálkozás
[DEV] {"email":"bogi@max.hu"}
[2026-03-04 14:21:45] INFO: Admin dashboard megnyitva
[DEV] {"admin":"bogi@max.hu"}
[2026-03-04 14:21:52] INFO: Absztraktok lista megnyitva
[DEV] {"admin":"bogi@max.hu"}
[2026-03-04 14:24:28] INFO: Admin dashboard megnyitva
[DEV] {"admin":"bogi@max.hu"}
[2026-03-05 12:17:43] INFO: Admin login próbálkozás
[DEV] {"email":"bogi@max.hu"}
[2026-03-05 12:17:43] INFO: Admin dashboard megnyitva
[DEV] {"admin":"bogi@max.hu"}
[2026-03-05 12:17:44] INFO: Absztraktok lista megnyitva
[DEV] {"admin":"bogi@max.hu"}
[2026-03-05 12:17:55] INFO: Absztrakt letöltés
[DEV] {"id":"33","file":"90113554169a861fa93f4e2.83750075.docx","admin":"bogi@max.hu"}
[2026-03-05 18:26:19] INFO: Admin login próbálkozás
[DEV] {"email":"admin-gde-event@admin.hu"}
[2026-03-05 18:26:19] INFO: Admin dashboard megnyitva
[DEV] {"admin":"admin-gde-event@admin.hu"}
[2026-03-05 18:26:42] INFO: Feliratkozók lista megnyitva
[DEV] {"search":null,"admin":"admin-gde-event@admin.hu"}
[2026-03-06 13:24:27] INFO: Admin login próbálkozás
[DEV] {"email":"bogi@max.hu"}
[2026-03-06 13:24:28] INFO: Admin dashboard megnyitva
[DEV] {"admin":"bogi@max.hu"}
[2026-03-06 13:24:29] INFO: Absztraktok lista megnyitva
[DEV] {"admin":"bogi@max.hu"}
[2026-03-06 13:24:58] INFO: Admin login próbálkozás
[DEV] {"email":"admin-gde-event@admin.hu"}
[2026-03-06 13:24:59] INFO: Admin dashboard megnyitva
[DEV] {"admin":"admin-gde-event@admin.hu"}
[2026-03-06 13:25:01] INFO: Absztraktok lista megnyitva
[DEV] {"admin":"bogi@max.hu"}
[2026-03-06 13:25:10] INFO: Admin dashboard megnyitva
[DEV] {"admin":"admin-gde-event@admin.hu"}
[2026-03-06 13:25:15] INFO: Admin dashboard megnyitva
[DEV] {"admin":"admin-gde-event@admin.hu"}
[2026-03-06 13:25:16] INFO: Admin dashboard megnyitva
[DEV] {"admin":"admin-gde-event@admin.hu"}
[2026-03-06 13:25:43] INFO: Admin kijelentkezés kísérlet.
[DEV] {"admin_id":"65"}
[2026-03-06 13:25:43] INFO: Admin kijelentkezés megtörtént
[2026-03-06 13:25:48] INFO: Admin login próbálkozás
[DEV] {"email":"bogi@max.hu"}
[2026-03-06 13:25:48] INFO: Admin dashboard megnyitva
[DEV] {"admin":"bogi@max.hu"}
[2026-03-06 13:25:51] INFO: Absztraktok lista megnyitva
[DEV] {"admin":"bogi@max.hu"}
[2026-03-06 13:25:55] INFO: Absztraktok lista megnyitva
[DEV] {"admin":"admin-gde-event@admin.hu"}
[2026-03-06 13:25:59] INFO: Admin dashboard megnyitva
[DEV] {"admin":"bogi@max.hu"}
[2026-03-06 13:26:10] INFO: Feliratkozók lista megnyitva
[DEV] {"search":null,"admin":"bogi@max.hu"}
[2026-03-06 13:26:12] INFO: Feliratkozók lista megnyitva
[DEV] {"search":null,"admin":"admin-gde-event@admin.hu"}
[2026-03-06 13:26:15] INFO: Absztraktok lista megnyitva
[DEV] {"admin":"admin-gde-event@admin.hu"}
[2026-03-06 13:26:23] INFO: Absztraktok lista megnyitva
[DEV] {"admin":"bogi@max.hu"}
[2026-03-06 13:26:26] INFO: Absztrakt letöltés
[DEV] {"id":"44","file":"211514855969aac776b88153.61836371.docx","admin":"bogi@max.hu"}
[2026-03-06 13:34:20] INFO: Absztraktok lista megnyitva
[DEV] {"admin":"bogi@max.hu"}
[2026-03-06 13:34:21] INFO: Absztraktok lista megnyitva
[DEV] {"admin":"bogi@max.hu"}
[2026-03-06 13:34:22] INFO: Absztraktok lista megnyitva
[DEV] {"admin":"bogi@max.hu"}
[2026-03-06 13:34:23] INFO: Absztraktok lista megnyitva
[DEV] {"admin":"bogi@max.hu"}
[2026-03-08 17:05:35] INFO: Admin login próbálkozás
[DEV] {"email":"bogi@max.hu"}
[2026-03-08 17:05:35] INFO: Admin dashboard megnyitva
[DEV] {"admin":"bogi@max.hu"}
[2026-03-08 17:05:36] INFO: Absztraktok lista megnyitva
[DEV] {"admin":"bogi@max.hu"}
[2026-03-08 20:18:26] INFO: Admin login próbálkozás
[DEV] {"email":"bogi@max.hu"}
[2026-03-08 20:18:26] INFO: Admin dashboard megnyitva
[DEV] {"admin":"bogi@max.hu"}
[2026-03-08 20:18:27] INFO: Feliratkozók lista megnyitva
[DEV] {"search":null,"admin":"bogi@max.hu"}
[2026-03-08 20:18:28] INFO: Absztraktok lista megnyitva
[DEV] {"admin":"bogi@max.hu"}
[2026-03-08 20:18:30] INFO: Feliratkozók lista megnyitva
[DEV] {"search":null,"admin":"bogi@max.hu"}
[2026-03-08 20:18:36] INFO: Feliratkozók lista megnyitva
[DEV] {"search":null,"admin":"bogi@max.hu"}
[2026-03-08 20:18:37] INFO: Admin dashboard megnyitva
[DEV] {"admin":"bogi@max.hu"}
[2026-03-08 20:18:38] INFO: Feliratkozók lista megnyitva
[DEV] {"search":null,"admin":"bogi@max.hu"}
[2026-03-08 20:19:01] INFO: Absztraktok lista megnyitva
[DEV] {"admin":"bogi@max.hu"}
[2026-03-08 20:20:09] INFO: Absztraktok lista megnyitva
[DEV] {"admin":"bogi@max.hu"}
[2026-03-08 20:20:14] INFO: Feliratkozók lista megnyitva
[DEV] {"search":null,"admin":"bogi@max.hu"}
[2026-03-08 20:20:49] INFO: Feliratkozók lista megnyitva
[DEV] {"search":null,"admin":"bogi@max.hu"}
[2026-03-08 20:21:18] INFO: Feliratkozók lista megnyitva
[DEV] {"search":null,"admin":"bogi@max.hu"}
[2026-03-08 20:21:19] INFO: Feliratkozók lista megnyitva
[DEV] {"search":null,"admin":"bogi@max.hu"}
[2026-03-08 20:21:20] INFO: Absztraktok lista megnyitva
[DEV] {"admin":"bogi@max.hu"}
[2026-03-08 20:21:21] INFO: Feliratkozók lista megnyitva
[DEV] {"search":null,"admin":"bogi@max.hu"}
[2026-03-09 10:12:31] INFO: Admin login próbálkozás
[DEV] {"email":"bogi@max.hu"}
[2026-03-09 10:12:31] INFO: Admin dashboard megnyitva
[DEV] {"admin":"bogi@max.hu"}
[2026-03-09 10:20:29] INFO: Admin login próbálkozás
[DEV] {"email":"bogi@max.hu"}
[2026-03-09 10:20:29] INFO: Admin dashboard megnyitva
[DEV] {"admin":"bogi@max.hu"}
[2026-03-09 10:20:31] INFO: Feliratkozók lista megnyitva
[DEV] {"search":null,"admin":"bogi@max.hu"}
[2026-03-09 10:20:39] INFO: Absztraktok lista megnyitva
[DEV] {"admin":"bogi@max.hu"}
[2026-03-09 10:21:26] INFO: Absztraktok lista megnyitva
[DEV] {"admin":"bogi@max.hu"}
[2026-03-09 10:21:30] INFO: Absztrakt letöltés
[DEV] {"id":"63","file":"168396523669ae9110178627.78058158.docx","admin":"bogi@max.hu"}
[2026-03-17 11:33:08] INFO: Admin login próbálkozás
[DEV] {"email":"bogi@max.hu"}
[2026-03-17 11:33:09] INFO: Admin dashboard megnyitva
[DEV] {"admin":"bogi@max.hu"}
[2026-03-17 11:33:10] INFO: Feliratkozók lista megnyitva
[DEV] {"search":null,"admin":"bogi@max.hu"}
[2026-03-17 11:37:23] INFO: Admin dashboard megnyitva
[DEV] {"admin":"bogi@max.hu"}
[2026-03-17 11:37:25] INFO: Feliratkozók lista megnyitva
[DEV] {"search":null,"admin":"bogi@max.hu"}
[2026-03-17 11:37:39] INFO: FTFL feliratkozók export indítva
[DEV] {"admin":"bogi@max.hu"}
[2026-03-17 11:37:41] INFO: Csak előadók export indítva
[DEV] {"admin":"bogi@max.hu"}
[2026-03-17 11:37:42] INFO: Csak FTFL résztvevők export indítva
[DEV] {"admin":"bogi@max.hu"}
[2026-03-17 11:48:55] INFO: Feliratkozók lista megnyitva
[DEV] {"search":null,"admin":"bogi@max.hu"}
[2026-03-19 09:57:29] INFO: Admin login próbálkozás
[DEV] {"email":"bogi@max.hu"}
[2026-03-19 09:57:29] INFO: Admin dashboard megnyitva
[DEV] {"admin":"bogi@max.hu"}
[2026-03-19 09:57:31] INFO: Absztraktok lista megnyitva
[DEV] {"admin":"bogi@max.hu"}
[2026-03-19 09:57:35] INFO: Absztrakt letöltés
[DEV] {"id":"72","file":"27529014269bbba732e6109.05943151.pdf","admin":"bogi@max.hu"}
[2026-03-24 10:01:10] INFO: Admin login próbálkozás
[DEV] {"email":"admin-gde-event@admin.hu"}
[2026-03-24 10:01:10] INFO: Admin dashboard megnyitva
[DEV] {"admin":"admin-gde-event@admin.hu"}
[2026-03-24 10:01:12] INFO: Feliratkozók lista megnyitva
[DEV] {"search":null,"admin":"admin-gde-event@admin.hu"}
[2026-03-24 10:12:26] INFO: Admin dashboard megnyitva
[DEV] {"admin":"admin-gde-event@admin.hu"}
[2026-03-24 10:12:37] INFO: Feliratkozók lista megnyitva
[DEV] {"search":null,"admin":"admin-gde-event@admin.hu"}
[2026-03-24 11:40:20] INFO: Admin login próbálkozás
[DEV] {"email":"bogi@max.hu"}
[2026-03-24 11:40:20] INFO: Admin dashboard megnyitva
[DEV] {"admin":"bogi@max.hu"}
[2026-03-24 11:40:48] INFO: Feliratkozók lista megnyitva
[DEV] {"search":null,"admin":"bogi@max.hu"}
[2026-03-24 11:40:50] INFO: Admin dashboard megnyitva
[DEV] {"admin":"bogi@max.hu"}
[2026-03-24 11:40:51] INFO: Feliratkozók lista megnyitva
[DEV] {"search":null,"admin":"bogi@max.hu"}
[2026-03-24 11:42:29] INFO: Admin dashboard megnyitva
[DEV] {"admin":"bogi@max.hu"}
[2026-03-24 11:42:36] INFO: Admin dashboard megnyitva
[DEV] {"admin":"bogi@max.hu"}
[2026-03-24 11:42:37] INFO: Feliratkozók lista megnyitva
[DEV] {"search":null,"admin":"bogi@max.hu"}
[2026-03-24 11:42:37] INFO: Absztraktok lista megnyitva
[DEV] {"admin":"bogi@max.hu"}
[2026-03-24 11:42:39] INFO: Feliratkozók lista megnyitva
[DEV] {"search":null,"admin":"bogi@max.hu"}
[2026-03-24 11:42:39] INFO: Admin dashboard megnyitva
[DEV] {"admin":"bogi@max.hu"}
[2026-03-24 12:24:40] INFO: Admin login próbálkozás
[DEV] {"email":"admin-gde-event@admin.hu"}
[2026-03-24 12:24:41] INFO: Admin dashboard megnyitva
[DEV] {"admin":"admin-gde-event@admin.hu"}
[2026-03-24 12:24:57] INFO: Admin dashboard megnyitva
[DEV] {"admin":"admin-gde-event@admin.hu"}
[2026-03-24 12:38:52] INFO: Admin dashboard megnyitva
[DEV] {"admin":"admin-gde-event@admin.hu"}
[2026-03-24 12:39:02] INFO: Admin dashboard megnyitva
[DEV] {"admin":"admin-gde-event@admin.hu"}
[2026-03-24 12:39:28] INFO: Feliratkozók lista megnyitva
[DEV] {"search":null,"admin":"admin-gde-event@admin.hu"}
[2026-03-24 12:40:05] INFO: Absztraktok lista megnyitva
[DEV] {"admin":"admin-gde-event@admin.hu"}
[2026-03-24 12:41:16] INFO: Feliratkozók lista megnyitva
[DEV] {"search":null,"admin":"admin-gde-event@admin.hu"}
[2026-03-24 12:41:27] INFO: Admin dashboard megnyitva
[DEV] {"admin":"admin-gde-event@admin.hu"}
[2026-03-24 12:41:35] INFO: Feliratkozók lista megnyitva
[DEV] {"search":null,"admin":"admin-gde-event@admin.hu"}
[2026-03-24 12:41:37] INFO: Absztraktok lista megnyitva
[DEV] {"admin":"admin-gde-event@admin.hu"}
[2026-03-24 12:41:38] INFO: Feliratkozók lista megnyitva
[DEV] {"search":null,"admin":"admin-gde-event@admin.hu"}
[2026-03-24 12:41:39] INFO: Admin dashboard megnyitva
[DEV] {"admin":"admin-gde-event@admin.hu"}
[2026-03-24 12:41:50] INFO: Admin dashboard megnyitva
[DEV] {"admin":"admin-gde-event@admin.hu"}
[2026-03-24 12:41:51] INFO: Absztraktok lista megnyitva
[DEV] {"admin":"admin-gde-event@admin.hu"}
[2026-03-24 12:43:21] INFO: Absztrakt letöltés
[DEV] {"id":"2","file":"197561334869be72a760c3a0.86300544.docx","admin":"admin-gde-event@admin.hu"}
[2026-03-24 18:34:43] INFO: Admin login próbálkozás
[DEV] {"email":"admin-gde-event@admin.hu"}
[2026-03-24 18:34:44] INFO: Admin dashboard megnyitva
[DEV] {"admin":"admin-gde-event@admin.hu"}
[2026-03-24 18:34:48] INFO: Feliratkozók lista megnyitva
[DEV] {"search":null,"admin":"admin-gde-event@admin.hu"}
[2026-03-24 18:34:59] INFO: Absztraktok lista megnyitva
[DEV] {"admin":"admin-gde-event@admin.hu"}
[2026-03-24 18:41:13] INFO: Admin dashboard megnyitva
[DEV] {"admin":"admin-gde-event@admin.hu"}
[2026-03-24 18:41:18] INFO: Feliratkozók lista megnyitva
[DEV] {"search":null,"admin":"admin-gde-event@admin.hu"}
[2026-03-26 09:47:41] INFO: Admin login próbálkozás
[DEV] {"email":"admin-gde-event@admin.hu"}
[2026-03-26 09:47:41] INFO: Admin dashboard megnyitva
[DEV] {"admin":"admin-gde-event@admin.hu"}
[2026-03-26 09:53:10] INFO: Absztraktok lista megnyitva
[DEV] {"admin":"admin-gde-event@admin.hu"}
[2026-03-26 16:42:26] INFO: Admin login próbálkozás
[DEV] {"email":"admin-gde-event@admin.hu"}
[2026-03-26 16:42:26] INFO: Admin dashboard megnyitva
[DEV] {"admin":"admin-gde-event@admin.hu"}
[2026-03-26 16:43:38] INFO: Admin kijelentkezés kísérlet.
[DEV] {"admin_id":"64"}
[2026-03-26 16:43:38] INFO: Admin kijelentkezés megtörtént
[2026-03-27 08:42:06] INFO: Admin login próbálkozás
[DEV] {"email":"ftfl_admin@admin.hu"}
[2026-03-30 09:10:12] INFO: Admin login próbálkozás
[DEV] {"email":"admin-gde-event@admin.hu"}
[2026-03-30 09:10:12] INFO: Admin dashboard megnyitva
[DEV] {"admin":"admin-gde-event@admin.hu"}
[2026-03-30 09:10:16] INFO: Feliratkozók lista megnyitva
[DEV] {"search":null,"admin":"admin-gde-event@admin.hu"}
[2026-03-30 09:17:45] INFO: Absztraktok lista megnyitva
[DEV] {"admin":"admin-gde-event@admin.hu"}
[2026-03-30 09:18:00] INFO: Admin dashboard megnyitva
[DEV] {"admin":"admin-gde-event@admin.hu"}
[2026-03-30 11:57:03] INFO: Admin login próbálkozás
[DEV] {"email":"admin-gde-event@admin.hu"}
[2026-03-30 11:57:03] INFO: Admin dashboard megnyitva
[DEV] {"admin":"admin-gde-event@admin.hu"}
[2026-03-30 11:57:06] INFO: Feliratkozók lista megnyitva
[DEV] {"search":null,"admin":"admin-gde-event@admin.hu"}
[2026-03-30 11:57:17] INFO: Absztraktok lista megnyitva
[DEV] {"admin":"admin-gde-event@admin.hu"}
[2026-03-31 10:55:45] INFO: Admin login próbálkozás
[DEV] {"email":"admin-gde-event@admin.hu"}
[2026-03-31 10:55:46] INFO: Admin dashboard megnyitva
[DEV] {"admin":"admin-gde-event@admin.hu"}
[2026-03-31 10:55:51] INFO: Absztraktok lista megnyitva
[DEV] {"admin":"admin-gde-event@admin.hu"}
[2026-03-31 10:56:03] INFO: Admin dashboard megnyitva
[DEV] {"admin":"admin-gde-event@admin.hu"}
[2026-03-31 10:56:08] INFO: Feliratkozók lista megnyitva
[DEV] {"search":null,"admin":"admin-gde-event@admin.hu"}
[2026-03-31 10:56:27] INFO: Feliratkozók lista megnyitva
[DEV] {"search":null,"admin":"admin-gde-event@admin.hu"}
[2026-03-31 13:34:45] INFO: Admin login próbálkozás
[DEV] {"email":"admin-gde-event@admin.hu"}
[2026-03-31 13:34:45] INFO: Admin dashboard megnyitva
[DEV] {"admin":"admin-gde-event@admin.hu"}
[2026-03-31 13:34:49] INFO: Feliratkozók lista megnyitva
[DEV] {"search":null,"admin":"admin-gde-event@admin.hu"}
[2026-03-31 13:35:27] INFO: Absztraktok lista megnyitva
[DEV] {"admin":"admin-gde-event@admin.hu"}
[2026-03-31 13:36:38] INFO: Admin dashboard megnyitva
[DEV] {"admin":"admin-gde-event@admin.hu"}
[2026-04-01 14:03:34] INFO: Admin login próbálkozás
[DEV] {"email":"admin-gde-event@admin.hu"}
[2026-04-01 14:03:34] INFO: Admin dashboard megnyitva
[DEV] {"admin":"admin-gde-event@admin.hu"}
[2026-04-01 14:03:40] INFO: Absztraktok lista megnyitva
[DEV] {"admin":"admin-gde-event@admin.hu"}
[2026-04-01 14:03:41] INFO: Feliratkozók lista megnyitva
[DEV] {"search":null,"admin":"admin-gde-event@admin.hu"}
[2026-04-01 14:03:58] INFO: Absztraktok lista megnyitva
[DEV] {"admin":"admin-gde-event@admin.hu"}
[2026-04-07 11:17:27] INFO: Admin login próbálkozás
[DEV] {"email":"admin-gde-event@admin.hu"}
[2026-04-07 11:17:27] INFO: Admin dashboard megnyitva
[DEV] {"admin":"admin-gde-event@admin.hu"}
[2026-04-07 11:17:31] INFO: Feliratkozók lista megnyitva
[DEV] {"search":null,"admin":"admin-gde-event@admin.hu"}
[2026-04-07 11:17:38] INFO: Absztraktok lista megnyitva
[DEV] {"admin":"admin-gde-event@admin.hu"}
[2026-04-07 11:17:43] INFO: Absztrakt letöltés
[DEV] {"id":"7","file":"23397159469cfe1da9f6cd8.34402981.pdf","admin":"admin-gde-event@admin.hu"}
[2026-04-07 11:18:20] INFO: Absztrakt letöltés
[DEV] {"id":"4","file":"121481173269c24cb30d7271.70030949.docx","admin":"admin-gde-event@admin.hu"}
[2026-04-07 11:18:41] INFO: Absztrakt letöltés
[DEV] {"id":"2","file":"197561334869be72a760c3a0.86300544.docx","admin":"admin-gde-event@admin.hu"}
[2026-04-07 11:19:13] INFO: Absztrakt letöltés
[DEV] {"id":"5","file":"2291650969c66c2a0bbb93.05573355.pdf","admin":"admin-gde-event@admin.hu"}
[2026-04-07 11:19:25] INFO: Feliratkozók lista megnyitva
[DEV] {"search":null,"admin":"admin-gde-event@admin.hu"}
[2026-04-07 11:19:44] INFO: Feliratkozók lista megnyitva
[DEV] {"search":null,"admin":"admin-gde-event@admin.hu"}
[2026-04-08 13:22:46] INFO: Admin login próbálkozás
[DEV] {"email":"admin-gde-event@admin.hu"}
[2026-04-08 13:22:46] INFO: Admin dashboard megnyitva
[DEV] {"admin":"admin-gde-event@admin.hu"}
[2026-04-08 13:22:52] INFO: Admin dashboard megnyitva
[DEV] {"admin":"admin-gde-event@admin.hu"}
[2026-04-08 13:22:54] INFO: Feliratkozók lista megnyitva
[DEV] {"search":null,"admin":"admin-gde-event@admin.hu"}
[2026-04-08 13:23:06] INFO: Admin dashboard megnyitva
[DEV] {"admin":"admin-gde-event@admin.hu"}
[2026-04-08 13:23:19] INFO: Admin dashboard megnyitva
[DEV] {"admin":"admin-gde-event@admin.hu"}
[2026-04-08 13:23:38] INFO: Admin dashboard megnyitva
[DEV] {"admin":"admin-gde-event@admin.hu"}
[2026-04-09 13:24:48] INFO: Admin login próbálkozás
[DEV] {"email":"admin-gde-event@admin.hu"}
[2026-04-09 13:24:49] INFO: Admin dashboard megnyitva
[DEV] {"admin":"admin-gde-event@admin.hu"}
[2026-04-09 13:24:50] INFO: Admin dashboard megnyitva
[DEV] {"admin":"admin-gde-event@admin.hu"}
[2026-04-09 13:24:52] INFO: Feliratkozók lista megnyitva
[DEV] {"search":null,"admin":"admin-gde-event@admin.hu"}
[2026-04-09 14:46:57] INFO: Admin login próbálkozás
[DEV] {"email":"bogi@max.hu"}
[2026-04-09 14:46:58] INFO: Admin dashboard megnyitva
[DEV] {"admin":"bogi@max.hu"}
[2026-04-09 14:46:59] INFO: Feliratkozók lista megnyitva
[DEV] {"search":null,"admin":"bogi@max.hu"}
[2026-04-09 14:48:23] INFO: Admin dashboard megnyitva
[DEV] {"admin":"bogi@max.hu"}
[2026-04-09 14:49:00] INFO: Admin dashboard megnyitva
[DEV] {"admin":"bogi@max.hu"}
[2026-04-09 14:49:03] INFO: Feliratkozók lista megnyitva
[DEV] {"search":null,"admin":"bogi@max.hu"}
[2026-04-09 14:49:05] INFO: Admin dashboard megnyitva
[DEV] {"admin":"bogi@max.hu"}
[2026-04-09 14:49:06] INFO: Feliratkozók lista megnyitva
[DEV] {"search":null,"admin":"bogi@max.hu"}
[2026-04-09 14:49:26] INFO: Feliratkozók lista megnyitva
[DEV] {"search":null,"admin":"bogi@max.hu"}
[2026-04-14 13:41:28] INFO: Admin login próbálkozás
[DEV] {"email":"bogi@max.hu"}
[2026-04-14 13:41:28] INFO: Admin dashboard megnyitva
[DEV] {"admin":"bogi@max.hu"}
[2026-04-14 13:41:30] INFO: Feliratkozók lista megnyitva
[DEV] {"search":null,"admin":"bogi@max.hu"}
[2026-04-14 13:41:35] INFO: Csak előadók export indítva
[DEV] {"admin":"bogi@max.hu"}
[2026-04-14 13:41:39] INFO: Csak FTFL résztvevők export indítva
[DEV] {"admin":"bogi@max.hu"}
[2026-04-14 13:43:10] INFO: FTFL feliratkozók export indítva
[DEV] {"admin":"bogi@max.hu"}
[2026-04-14 13:43:13] INFO: Csak FTFL résztvevők export indítva
[DEV] {"admin":"bogi@max.hu"}
[2026-04-14 13:43:13] INFO: Csak előadók export indítva
[DEV] {"admin":"bogi@max.hu"}
[2026-04-14 13:43:28] INFO: FTFL feliratkozók export indítva
[DEV] {"admin":"bogi@max.hu"}
[2026-04-14 13:43:35] INFO: Csak FTFL résztvevők export indítva
[DEV] {"admin":"bogi@max.hu"}
[2026-04-14 13:43:36] INFO: Csak előadók export indítva
[DEV] {"admin":"bogi@max.hu"}
[2026-04-15 13:53:56] INFO: Admin login próbálkozás
[DEV] {"email":"admin-gde-event@admin.hu"}
[2026-04-15 13:53:56] INFO: Admin dashboard megnyitva
[DEV] {"admin":"admin-gde-event@admin.hu"}
[2026-04-15 14:52:27] INFO: Admin login próbálkozás
[DEV] {"email":"admin-gde-event@admin.hu"}
[2026-04-15 14:52:27] INFO: Admin dashboard megnyitva
[DEV] {"admin":"admin-gde-event@admin.hu"}
[2026-04-15 14:52:31] INFO: Feliratkozók lista megnyitva
[DEV] {"search":null,"admin":"admin-gde-event@admin.hu"}
[2026-04-15 14:52:37] INFO: Admin dashboard megnyitva
[DEV] {"admin":"admin-gde-event@admin.hu"}
[2026-04-15 14:52:38] INFO: Admin dashboard megnyitva
[DEV] {"admin":"admin-gde-event@admin.hu"}
[2026-04-15 14:52:41] INFO: Admin dashboard megnyitva
[DEV] {"admin":"admin-gde-event@admin.hu"}
