[2026-01-18 11:23:54] INFO: Admin login próbálkozás
[DEV] {"email":"arpadsz@max.hu"}
[2026-01-18 11:23:54] INFO: Sikeres bejelentkezés
[DEV] {"email":"arpadsz@max.hu","table":"admins"}
[2026-01-18 11:26:00] INFO: Sikeres bejelentkezés
[DEV] {"email":"arpadsz@max.hu","table":"admins"}
[2026-01-18 11:31:25] INFO: Sikeres bejelentkezés
[DEV] {"email":"developedbybarley@gmail.com","table":"admins"}
[2026-01-18 11:35:17] INFO: Admin frissítése: arpadsz@max.hu
[DEV] {"admin":"developedbybarley@gmail.com"}
[2026-01-18 11:35:45] INFO: Admin frissítése: arpadsz@max.hu
[DEV] {"admin":"developedbybarley@gmail.com"}
[2026-01-18 11:36:08] INFO: Admin frissítése: arpadsz@max.hu
[DEV] {"admin":"developedbybarley@gmail.com"}
[2026-01-18 11:36:15] INFO: Admin frissítése: arpadsz@max.hu
[DEV] {"admin":"developedbybarley@gmail.com"}
[2026-01-18 11:36:22] INFO: Admin frissítése: developedbybarley@gmail.com
[DEV] {"admin":"developedbybarley@gmail.com"}
[2026-01-18 11:36:56] INFO: Sikeres bejelentkezés
[DEV] {"email":"arpadsz@max.hu","table":"admins"}
[2026-01-18 11:37:01] INFO: Admin frissítése: arpadsz@max.hu
[DEV] {"admin":"arpadsz@max.hu"}
[2026-01-18 11:37:37] INFO: Admin törlése: developedbybarley@gmail.com
[DEV] {"admin":"arpadsz@max.hu"}
[2026-02-03 10:44:00] CRITICAL: Database connection fail!
[DEV] Fail in Database class construct function with message:SQLSTATE[HY000] [1045] Access denied for user 'Barley'@'localhost' (using password: YES)
[2026-02-03 10:44:01] CRITICAL: Database connection fail!
[DEV] Fail in Database class construct function with message:SQLSTATE[HY000] [1045] Access denied for user 'Barley'@'localhost' (using password: YES)
[2026-02-03 10:44:01] CRITICAL: Database connection fail!
[DEV] Fail in Database class construct function with message:SQLSTATE[HY000] [1045] Access denied for user 'Barley'@'localhost' (using password: YES)
[2026-02-03 10:44:01] CRITICAL: Database connection fail!
[DEV] Fail in Database class construct function with message:SQLSTATE[HY000] [1045] Access denied for user 'Barley'@'localhost' (using password: YES)
[2026-02-03 10:44:01] CRITICAL: Database connection fail!
[DEV] Fail in Database class construct function with message:SQLSTATE[HY000] [1045] Access denied for user 'Barley'@'localhost' (using password: YES)
[2026-02-03 10:44:02] CRITICAL: Database connection fail!
[DEV] Fail in Database class construct function with message:SQLSTATE[HY000] [1045] Access denied for user 'Barley'@'localhost' (using password: YES)
[2026-02-03 10:44:26] CRITICAL: Database connection fail!
[DEV] Fail in Database class construct function with message:SQLSTATE[HY000] [1045] Access denied for user 'Barley'@'localhost' (using password: YES)
[2026-02-03 10:44:26] CRITICAL: Database connection fail!
[DEV] Fail in Database class construct function with message:SQLSTATE[HY000] [1045] Access denied for user 'Barley'@'localhost' (using password: NO)
[2026-02-03 10:44:27] CRITICAL: Database connection fail!
[DEV] Fail in Database class construct function with message:SQLSTATE[HY000] [1045] Access denied for user 'Barley'@'localhost' (using password: NO)
[2026-02-03 10:44:27] CRITICAL: Database connection fail!
[DEV] Fail in Database class construct function with message:SQLSTATE[HY000] [1045] Access denied for user 'Barley'@'localhost' (using password: NO)
[2026-02-03 10:44:30] CRITICAL: Database connection fail!
[DEV] Fail in Database class construct function with message:SQLSTATE[HY000] [1045] Access denied for user 'Barley'@'localhost' (using password: NO)
[2026-02-03 12:17:07] CRITICAL: Database fail in query method
[DEV] Fail in Database class query function with message:SQLSTATE[42S02]: Base table or view not found: 1146 Table 'gde.subscribers' doesn't exist
[2026-02-03 12:17:07] CRITICAL: Database insert error in Model.
[DEV] Database error: Query execution failed: SQLSTATE[42S02]: Base table or view not found: 1146 Table 'gde.subscribers' doesn't exist
[2026-02-03 12:17:32] CRITICAL: Database fail in query method
[DEV] Fail in Database class query function with message:SQLSTATE[42S02]: Base table or view not found: 1146 Table 'gde.subscribers' doesn't exist
[2026-02-03 12:17:32] CRITICAL: Database insert error in Model.
[DEV] Database error: Query execution failed: SQLSTATE[42S02]: Base table or view not found: 1146 Table 'gde.subscribers' doesn't exist
[2026-02-03 12:17:54] CRITICAL: Database fail in query method
[DEV] Fail in Database class query function with message:SQLSTATE[42S22]: Column not found: 1054 Unknown column 'registrationType' in 'field list'
[2026-02-03 12:17:54] CRITICAL: Database insert error in Model.
[DEV] Database error: Query execution failed: SQLSTATE[42S22]: Column not found: 1054 Unknown column 'registrationType' in 'field list'
[2026-02-03 12:18:46] CRITICAL: Database fail in query method
[DEV] Fail in Database class query function with message:SQLSTATE[42S22]: Column not found: 1054 Unknown column 'speakerTalkTitle' in 'field list'
[2026-02-03 12:18:46] CRITICAL: Database insert error in Model.
[DEV] Database error: Query execution failed: SQLSTATE[42S22]: Column not found: 1054 Unknown column 'speakerTalkTitle' in 'field list'
[2026-02-03 12:19:45] CRITICAL: Database fail in query method
[DEV] Fail in Database class query function with message:SQLSTATE[42S22]: Column not found: 1054 Unknown column 'termsAgree' in 'field list'
[2026-02-03 12:19:45] CRITICAL: Database insert error in Model.
[DEV] Database error: Query execution failed: SQLSTATE[42S22]: Column not found: 1054 Unknown column 'termsAgree' in 'field list'
[2026-03-02 16:16:45] INFO: Kijelentkezés
[DEV] {"entities":["csrf","admin"]}
[2026-03-02 16:17:07] INFO: Bejelentkezési kísérlet
[DEV] {"email":"bogi@max.hu","table":"admins","verified_required":false}
[2026-03-02 16:17:07] INFO: Sikeres bejelentkezés
[DEV] {"email":"bogi@max.hu","table":"admins"}
[2026-03-02 16:17:07] INFO: Felhasználó bejelentkezve
[DEV] {"table":"admins","entity":"admin","user_id":"64","email":"bogi@max.hu"}
[2026-03-02 19:49:28] INFO: Bejelentkezési kísérlet
[DEV] {"email":"bogi@max.hu","table":"admins","verified_required":false}
[2026-03-02 19:49:28] INFO: Sikeres bejelentkezés
[DEV] {"email":"bogi@max.hu","table":"admins"}
[2026-03-02 19:49:28] INFO: Felhasználó bejelentkezve
[DEV] {"table":"admins","entity":"admin","user_id":"64","email":"bogi@max.hu"}
[2026-03-03 10:47:25] INFO: Bejelentkezési kísérlet
[DEV] {"email":"bogi@max.hu","table":"admins","verified_required":false}
[2026-03-03 10:47:25] INFO: Sikeres bejelentkezés
[DEV] {"email":"bogi@max.hu","table":"admins"}
[2026-03-03 10:47:25] INFO: Felhasználó bejelentkezve
[DEV] {"table":"admins","entity":"admin","user_id":"64","email":"bogi@max.hu"}
[2026-03-04 12:55:21] INFO: Bejelentkezési kísérlet
[DEV] {"email":"bogi@max.hu","table":"admins","verified_required":false}
[2026-03-04 12:55:21] INFO: Sikeres bejelentkezés
[DEV] {"email":"bogi@max.hu","table":"admins"}
[2026-03-04 12:55:21] INFO: Felhasználó bejelentkezve
[DEV] {"table":"admins","entity":"admin","user_id":"65","email":"bogi@max.hu"}
[2026-03-04 14:21:45] INFO: Bejelentkezési kísérlet
[DEV] {"email":"bogi@max.hu","table":"admins","verified_required":false}
[2026-03-04 14:21:45] INFO: Sikeres bejelentkezés
[DEV] {"email":"bogi@max.hu","table":"admins"}
[2026-03-04 14:21:45] INFO: Felhasználó bejelentkezve
[DEV] {"table":"admins","entity":"admin","user_id":"65","email":"bogi@max.hu"}
[2026-03-05 12:17:43] INFO: Bejelentkezési kísérlet
[DEV] {"email":"bogi@max.hu","table":"admins","verified_required":false}
[2026-03-05 12:17:43] INFO: Sikeres bejelentkezés
[DEV] {"email":"bogi@max.hu","table":"admins"}
[2026-03-05 12:17:43] INFO: Felhasználó bejelentkezve
[DEV] {"table":"admins","entity":"admin","user_id":"65","email":"bogi@max.hu"}
[2026-03-05 18:26:19] INFO: Bejelentkezési kísérlet
[DEV] {"email":"admin-gde-event@admin.hu","table":"admins","verified_required":false}
[2026-03-05 18:26:19] INFO: Sikeres bejelentkezés
[DEV] {"email":"admin-gde-event@admin.hu","table":"admins"}
[2026-03-05 18:26:19] INFO: Felhasználó bejelentkezve
[DEV] {"table":"admins","entity":"admin","user_id":"64","email":"admin-gde-event@admin.hu"}
[2026-03-06 13:24:27] INFO: Bejelentkezési kísérlet
[DEV] {"email":"bogi@max.hu","table":"admins","verified_required":false}
[2026-03-06 13:24:27] INFO: Sikeres bejelentkezés
[DEV] {"email":"bogi@max.hu","table":"admins"}
[2026-03-06 13:24:27] INFO: Felhasználó bejelentkezve
[DEV] {"table":"admins","entity":"admin","user_id":"65","email":"bogi@max.hu"}
[2026-03-06 13:24:58] INFO: Bejelentkezési kísérlet
[DEV] {"email":"admin-gde-event@admin.hu","table":"admins","verified_required":false}
[2026-03-06 13:24:58] INFO: Sikeres bejelentkezés
[DEV] {"email":"admin-gde-event@admin.hu","table":"admins"}
[2026-03-06 13:24:58] INFO: Felhasználó bejelentkezve
[DEV] {"table":"admins","entity":"admin","user_id":"64","email":"admin-gde-event@admin.hu"}
[2026-03-06 13:25:43] INFO: Kijelentkezés
[DEV] {"entities":["csrf","admin"]}
[2026-03-06 13:25:48] INFO: Bejelentkezési kísérlet
[DEV] {"email":"bogi@max.hu","table":"admins","verified_required":false}
[2026-03-06 13:25:48] INFO: Sikeres bejelentkezés
[DEV] {"email":"bogi@max.hu","table":"admins"}
[2026-03-06 13:25:48] INFO: Felhasználó bejelentkezve
[DEV] {"table":"admins","entity":"admin","user_id":"65","email":"bogi@max.hu"}
[2026-03-08 17:05:35] INFO: Bejelentkezési kísérlet
[DEV] {"email":"bogi@max.hu","table":"admins","verified_required":false}
[2026-03-08 17:05:35] INFO: Sikeres bejelentkezés
[DEV] {"email":"bogi@max.hu","table":"admins"}
[2026-03-08 17:05:35] INFO: Felhasználó bejelentkezve
[DEV] {"table":"admins","entity":"admin","user_id":"65","email":"bogi@max.hu"}
[2026-03-08 20:18:26] INFO: Bejelentkezési kísérlet
[DEV] {"email":"bogi@max.hu","table":"admins","verified_required":false}
[2026-03-08 20:18:26] INFO: Sikeres bejelentkezés
[DEV] {"email":"bogi@max.hu","table":"admins"}
[2026-03-08 20:18:26] INFO: Felhasználó bejelentkezve
[DEV] {"table":"admins","entity":"admin","user_id":"65","email":"bogi@max.hu"}
[2026-03-09 10:12:31] INFO: Bejelentkezési kísérlet
[DEV] {"email":"bogi@max.hu","table":"admins","verified_required":false}
[2026-03-09 10:12:31] INFO: Sikeres bejelentkezés
[DEV] {"email":"bogi@max.hu","table":"admins"}
[2026-03-09 10:12:31] INFO: Felhasználó bejelentkezve
[DEV] {"table":"admins","entity":"admin","user_id":"65","email":"bogi@max.hu"}
[2026-03-09 10:20:29] INFO: Bejelentkezési kísérlet
[DEV] {"email":"bogi@max.hu","table":"admins","verified_required":false}
[2026-03-09 10:20:29] INFO: Sikeres bejelentkezés
[DEV] {"email":"bogi@max.hu","table":"admins"}
[2026-03-09 10:20:29] INFO: Felhasználó bejelentkezve
[DEV] {"table":"admins","entity":"admin","user_id":"65","email":"bogi@max.hu"}
[2026-03-17 11:33:08] INFO: Bejelentkezési kísérlet
[DEV] {"email":"bogi@max.hu","table":"admins","verified_required":false}
[2026-03-17 11:33:09] INFO: Sikeres bejelentkezés
[DEV] {"email":"bogi@max.hu","table":"admins"}
[2026-03-17 11:33:09] INFO: Felhasználó bejelentkezve
[DEV] {"table":"admins","entity":"admin","user_id":"65","email":"bogi@max.hu"}
[2026-03-19 09:57:29] INFO: Bejelentkezési kísérlet
[DEV] {"email":"bogi@max.hu","table":"admins","verified_required":false}
[2026-03-19 09:57:29] INFO: Sikeres bejelentkezés
[DEV] {"email":"bogi@max.hu","table":"admins"}
[2026-03-19 09:57:29] INFO: Felhasználó bejelentkezve
[DEV] {"table":"admins","entity":"admin","user_id":"65","email":"bogi@max.hu"}
[2026-03-24 10:01:10] INFO: Bejelentkezési kísérlet
[DEV] {"email":"admin-gde-event@admin.hu","table":"admins","verified_required":false}
[2026-03-24 10:01:10] INFO: Sikeres bejelentkezés
[DEV] {"email":"admin-gde-event@admin.hu","table":"admins"}
[2026-03-24 10:01:10] INFO: Felhasználó bejelentkezve
[DEV] {"table":"admins","entity":"admin","user_id":"64","email":"admin-gde-event@admin.hu"}
[2026-03-24 11:40:20] INFO: Bejelentkezési kísérlet
[DEV] {"email":"bogi@max.hu","table":"admins","verified_required":false}
[2026-03-24 11:40:20] INFO: Sikeres bejelentkezés
[DEV] {"email":"bogi@max.hu","table":"admins"}
[2026-03-24 11:40:20] INFO: Felhasználó bejelentkezve
[DEV] {"table":"admins","entity":"admin","user_id":"65","email":"bogi@max.hu"}
[2026-03-24 12:24:40] INFO: Bejelentkezési kísérlet
[DEV] {"email":"admin-gde-event@admin.hu","table":"admins","verified_required":false}
[2026-03-24 12:24:41] INFO: Sikeres bejelentkezés
[DEV] {"email":"admin-gde-event@admin.hu","table":"admins"}
[2026-03-24 12:24:41] INFO: Felhasználó bejelentkezve
[DEV] {"table":"admins","entity":"admin","user_id":"64","email":"admin-gde-event@admin.hu"}
[2026-03-24 18:34:43] INFO: Bejelentkezési kísérlet
[DEV] {"email":"admin-gde-event@admin.hu","table":"admins","verified_required":false}
[2026-03-24 18:34:43] INFO: Sikeres bejelentkezés
[DEV] {"email":"admin-gde-event@admin.hu","table":"admins"}
[2026-03-24 18:34:43] INFO: Felhasználó bejelentkezve
[DEV] {"table":"admins","entity":"admin","user_id":"64","email":"admin-gde-event@admin.hu"}
[2026-03-26 09:47:41] INFO: Bejelentkezési kísérlet
[DEV] {"email":"admin-gde-event@admin.hu","table":"admins","verified_required":false}
[2026-03-26 09:47:41] INFO: Sikeres bejelentkezés
[DEV] {"email":"admin-gde-event@admin.hu","table":"admins"}
[2026-03-26 09:47:41] INFO: Felhasználó bejelentkezve
[DEV] {"table":"admins","entity":"admin","user_id":"64","email":"admin-gde-event@admin.hu"}
[2026-03-26 16:42:26] INFO: Bejelentkezési kísérlet
[DEV] {"email":"admin-gde-event@admin.hu","table":"admins","verified_required":false}
[2026-03-26 16:42:26] INFO: Sikeres bejelentkezés
[DEV] {"email":"admin-gde-event@admin.hu","table":"admins"}
[2026-03-26 16:42:26] INFO: Felhasználó bejelentkezve
[DEV] {"table":"admins","entity":"admin","user_id":"64","email":"admin-gde-event@admin.hu"}
[2026-03-26 16:43:38] INFO: Kijelentkezés
[DEV] {"entities":["csrf","admin"]}
[2026-03-27 08:42:06] INFO: Bejelentkezési kísérlet
[DEV] {"email":"ftfl_admin@admin.hu","table":"admins","verified_required":false}
[2026-03-27 08:42:06] INFO: Sikertelen bejelentkezés - nem létező email
[DEV] {"email":"ftfl_admin@admin.hu","table":"admins"}
[2026-03-30 09:10:12] INFO: Bejelentkezési kísérlet
[DEV] {"email":"admin-gde-event@admin.hu","table":"admins","verified_required":false}
[2026-03-30 09:10:12] INFO: Sikeres bejelentkezés
[DEV] {"email":"admin-gde-event@admin.hu","table":"admins"}
[2026-03-30 09:10:12] INFO: Felhasználó bejelentkezve
[DEV] {"table":"admins","entity":"admin","user_id":"64","email":"admin-gde-event@admin.hu"}
[2026-03-30 11:57:03] INFO: Bejelentkezési kísérlet
[DEV] {"email":"admin-gde-event@admin.hu","table":"admins","verified_required":false}
[2026-03-30 11:57:03] INFO: Sikeres bejelentkezés
[DEV] {"email":"admin-gde-event@admin.hu","table":"admins"}
[2026-03-30 11:57:03] INFO: Felhasználó bejelentkezve
[DEV] {"table":"admins","entity":"admin","user_id":"64","email":"admin-gde-event@admin.hu"}
[2026-03-31 10:55:45] INFO: Bejelentkezési kísérlet
[DEV] {"email":"admin-gde-event@admin.hu","table":"admins","verified_required":false}
[2026-03-31 10:55:46] INFO: Sikeres bejelentkezés
[DEV] {"email":"admin-gde-event@admin.hu","table":"admins"}
[2026-03-31 10:55:46] INFO: Felhasználó bejelentkezve
[DEV] {"table":"admins","entity":"admin","user_id":"64","email":"admin-gde-event@admin.hu"}
[2026-03-31 13:34:45] INFO: Bejelentkezési kísérlet
[DEV] {"email":"admin-gde-event@admin.hu","table":"admins","verified_required":false}
[2026-03-31 13:34:45] INFO: Sikeres bejelentkezés
[DEV] {"email":"admin-gde-event@admin.hu","table":"admins"}
[2026-03-31 13:34:45] INFO: Felhasználó bejelentkezve
[DEV] {"table":"admins","entity":"admin","user_id":"64","email":"admin-gde-event@admin.hu"}
[2026-04-01 14:03:34] INFO: Bejelentkezési kísérlet
[DEV] {"email":"admin-gde-event@admin.hu","table":"admins","verified_required":false}
[2026-04-01 14:03:34] INFO: Sikeres bejelentkezés
[DEV] {"email":"admin-gde-event@admin.hu","table":"admins"}
[2026-04-01 14:03:34] INFO: Felhasználó bejelentkezve
[DEV] {"table":"admins","entity":"admin","user_id":"64","email":"admin-gde-event@admin.hu"}
[2026-04-07 11:17:27] INFO: Bejelentkezési kísérlet
[DEV] {"email":"admin-gde-event@admin.hu","table":"admins","verified_required":false}
[2026-04-07 11:17:27] INFO: Sikeres bejelentkezés
[DEV] {"email":"admin-gde-event@admin.hu","table":"admins"}
[2026-04-07 11:17:27] INFO: Felhasználó bejelentkezve
[DEV] {"table":"admins","entity":"admin","user_id":"64","email":"admin-gde-event@admin.hu"}
[2026-04-08 13:22:46] INFO: Bejelentkezési kísérlet
[DEV] {"email":"admin-gde-event@admin.hu","table":"admins","verified_required":false}
[2026-04-08 13:22:46] INFO: Sikeres bejelentkezés
[DEV] {"email":"admin-gde-event@admin.hu","table":"admins"}
[2026-04-08 13:22:46] INFO: Felhasználó bejelentkezve
[DEV] {"table":"admins","entity":"admin","user_id":"64","email":"admin-gde-event@admin.hu"}
[2026-04-09 13:24:48] INFO: Bejelentkezési kísérlet
[DEV] {"email":"admin-gde-event@admin.hu","table":"admins","verified_required":false}
[2026-04-09 13:24:49] INFO: Sikeres bejelentkezés
[DEV] {"email":"admin-gde-event@admin.hu","table":"admins"}
[2026-04-09 13:24:49] INFO: Felhasználó bejelentkezve
[DEV] {"table":"admins","entity":"admin","user_id":"64","email":"admin-gde-event@admin.hu"}
[2026-04-09 14:46:57] INFO: Bejelentkezési kísérlet
[DEV] {"email":"bogi@max.hu","table":"admins","verified_required":false}
[2026-04-09 14:46:58] INFO: Sikeres bejelentkezés
[DEV] {"email":"bogi@max.hu","table":"admins"}
[2026-04-09 14:46:58] INFO: Felhasználó bejelentkezve
[DEV] {"table":"admins","entity":"admin","user_id":"65","email":"bogi@max.hu"}
[2026-04-14 13:41:28] INFO: Bejelentkezési kísérlet
[DEV] {"email":"bogi@max.hu","table":"admins","verified_required":false}
[2026-04-14 13:41:28] INFO: Sikeres bejelentkezés
[DEV] {"email":"bogi@max.hu","table":"admins"}
[2026-04-14 13:41:28] INFO: Felhasználó bejelentkezve
[DEV] {"table":"admins","entity":"admin","user_id":"65","email":"bogi@max.hu"}
[2026-04-15 13:53:56] INFO: Bejelentkezési kísérlet
[DEV] {"email":"admin-gde-event@admin.hu","table":"admins","verified_required":false}
[2026-04-15 13:53:56] INFO: Sikeres bejelentkezés
[DEV] {"email":"admin-gde-event@admin.hu","table":"admins"}
[2026-04-15 13:53:56] INFO: Felhasználó bejelentkezve
[DEV] {"table":"admins","entity":"admin","user_id":"64","email":"admin-gde-event@admin.hu"}
[2026-04-15 14:52:27] INFO: Bejelentkezési kísérlet
[DEV] {"email":"admin-gde-event@admin.hu","table":"admins","verified_required":false}
[2026-04-15 14:52:27] INFO: Sikeres bejelentkezés
[DEV] {"email":"admin-gde-event@admin.hu","table":"admins"}
[2026-04-15 14:52:27] INFO: Felhasználó bejelentkezve
[DEV] {"table":"admins","entity":"admin","user_id":"64","email":"admin-gde-event@admin.hu"}
