[2026-01-18 11:42:24] INFO: E-mail sikeresen elküldve: developedbybarley@gmail.com
[DEV] {"to":[["developedbybarley@gmail.com",""]]}
[2026-03-02 19:51:37] INFO: E-mail sikeresen elküldve: developedbybarley@gmail.com
[DEV] {"to":[["developedbybarley@gmail.com",""]]}
[2026-03-03 10:48:06] INFO: E-mail sikeresen elküldve: szaniszlobalint8@gmail.com
[DEV] {"to":[["szaniszlobalint8@gmail.com",""]]}
[2026-03-03 11:01:00] INFO: E-mail sikeresen elküldve: developedbybarley@gmail.com
[DEV] {"to":[["developedbybarley@gmail.com",""]]}
[2026-03-03 11:01:43] INFO: E-mail sikeresen elküldve: arpadsz@max.hu
[DEV] {"to":[["arpadsz@max.hu",""]]}
[2026-03-03 11:28:15] INFO: E-mail sikeresen elküldve: arpadsz@max.hu
[DEV] {"to":[["arpadsz@max.hu",""]]}
[2026-03-04 12:50:11] INFO: E-mail sikeresen elküldve: arpadsz@max.hu
[DEV] {"to":[["arpadsz@max.hu",""]]}
[2026-03-05 18:18:19] INFO: E-mail sikeresen elküldve: arpadsz@max.hu
[DEV] {"to":[["arpadsz@max.hu",""]]}
[2026-03-06 12:39:40] INFO: E-mail sikeresen elküldve: arpadsz@max.hu
[DEV] {"to":[["arpadsz@max.hu",""]]}
[2026-03-06 12:44:08] INFO: E-mail sikeresen elküldve: developedbybarley@gmail.com
[DEV] {"to":[["developedbybarley@gmail.com",""]]}
[2026-03-08 17:05:06] INFO: E-mail sikeresen elküldve: developedbybarley@gmail.com
[DEV] {"to":[["developedbybarley@gmail.com",""]]}
[2026-03-08 20:16:46] INFO: E-mail sikeresen elküldve: developedbybarley@gmail.com
[DEV] {"to":[["developedbybarley@gmail.com",""]]}
[2026-03-09 11:53:41] INFO: E-mail sikeresen elküldve: developedbybarley@gmail.com
[DEV] {"to":[["developedbybarley@gmail.com",""]]}
[2026-03-17 10:29:03] INFO: E-mail sikeresen elküldve: kozma.bognar.veronika@gde.hu
[DEV] {"to":[["kozma.bognar.veronika@gde.hu",""]]}
[2026-03-17 11:32:16] INFO: E-mail sikeresen elküldve: arpadsz@max.hu
[DEV] {"to":[["arpadsz@max.hu",""]]}
[2026-03-19 09:56:55] INFO: E-mail sikeresen elküldve: arpadsz@max.hu
[DEV] {"to":[["arpadsz@max.hu",""]]}
[2026-03-19 09:59:20] INFO: E-mail sikeresen elküldve: developedbybarley@gmail.com
[DEV] {"to":[["developedbybarley@gmail.com",""]]}
[2026-03-19 16:23:43] INFO: E-mail sikeresen elküldve: arpadsz@max.hu
[DEV] {"to":[["arpadsz@max.hu",""]]}
[2026-03-19 16:25:29] INFO: E-mail sikeresen elküldve: developedbybarley@gmail.com
[DEV] {"to":[["developedbybarley@gmail.com",""]]}
[2026-03-19 21:26:43] INFO: E-mail sikeresen elküldve: tundebo@gmail.com
[DEV] {"to":[["tundebo@gmail.com",""]]}
[2026-03-20 08:19:10] INFO: E-mail sikeresen elküldve: istvan.molnar@ttk.elte.hu
[DEV] {"to":[["istvan.molnar@ttk.elte.hu",""]]}
[2026-03-20 09:47:30] INFO: E-mail sikeresen elküldve: zsigmond.kiss@gmail.com
[DEV] {"to":[["zsigmond.kiss@gmail.com",""]]}
[2026-03-20 11:46:32] INFO: E-mail sikeresen elküldve: vari.kakas.istvan@gde.hu
[DEV] {"to":[["vari.kakas.istvan@gde.hu",""]]}
[2026-03-20 13:24:29] INFO: E-mail sikeresen elküldve: bakos-rabb.edina@uni-bge.hu
[DEV] {"to":[["bakos-rabb.edina@uni-bge.hu",""]]}
[2026-03-20 21:35:40] INFO: E-mail sikeresen elküldve: csanyineglidia@gmail.com
[DEV] {"to":[["csanyineglidia@gmail.com",""]]}
[2026-03-21 11:30:41] INFO: E-mail sikeresen elküldve: derecsroni@gmail.com
[DEV] {"to":[["derecsroni@gmail.com",""]]}
[2026-03-22 13:08:33] INFO: E-mail sikeresen elküldve: bartalo@bankisuli.hu
[DEV] {"to":[["bartalo@bankisuli.hu",""]]}
[2026-03-23 09:16:17] INFO: E-mail sikeresen elküldve: orsolya.pongor@uni-corvinus.hu
[DEV] {"to":[["orsolya.pongor@uni-corvinus.hu",""]]}
[2026-03-23 12:40:07] INFO: E-mail sikeresen elküldve: hatar.zsofia@oktig.elte.hu
[DEV] {"to":[["hatar.zsofia@oktig.elte.hu",""]]}
[2026-03-24 09:21:13] INFO: E-mail sikeresen elküldve: szontagh.pal@kre.hu
[DEV] {"to":[["szontagh.pal@kre.hu",""]]}
[2026-03-25 11:22:33] INFO: E-mail sikeresen elküldve: dominek.dalma.lilla@gmail.com
[DEV] {"to":[["dominek.dalma.lilla@gmail.com",""]]}
[2026-03-25 12:09:39] INFO: E-mail sikeresen elküldve: emmanuel.abruquah@tuni.fi
[DEV] {"to":[["emmanuel.abruquah@tuni.fi",""]]}
[2026-03-27 11:39:25] INFO: E-mail sikeresen elküldve: vas.timea@uni-nke.hu
[DEV] {"to":[["vas.timea@uni-nke.hu",""]]}
[2026-03-29 14:08:57] INFO: E-mail sikeresen elküldve: sarolta.zarda@gmail.com
[DEV] {"to":[["sarolta.zarda@gmail.com",""]]}
[2026-03-29 15:53:20] INFO: E-mail sikeresen elküldve: nerikav60@gmail.com
[DEV] {"to":[["nerikav60@gmail.com",""]]}
[2026-03-30 13:03:10] INFO: E-mail sikeresen elküldve: skulecz.oliver@pro-m.hu
[DEV] {"to":[["skulecz.oliver@pro-m.hu",""]]}
[2026-03-30 14:08:37] INFO: E-mail sikeresen elküldve: pompor.zoltan@pro-m.hu
[DEV] {"to":[["pompor.zoltan@pro-m.hu",""]]}
[2026-03-30 15:29:55] INFO: E-mail sikeresen elküldve: kiss.daniel@pro-m.hu
[DEV] {"to":[["kiss.daniel@pro-m.hu",""]]}
[2026-03-31 09:27:42] INFO: E-mail sikeresen elküldve: kis.balint@urban-it.hu
[DEV] {"to":[["kis.balint@urban-it.hu",""]]}
[2026-03-31 23:00:42] INFO: E-mail sikeresen elküldve: sulyokpapzsuzsa@gmail.com
[DEV] {"to":[["sulyokpapzsuzsa@gmail.com",""]]}
[2026-04-03 14:06:24] INFO: E-mail sikeresen elküldve: kovari.zsolt@gde.hu
[DEV] {"to":[["kovari.zsolt@gde.hu",""]]}
[2026-04-03 17:48:18] INFO: E-mail sikeresen elküldve: tothrenata.hr@gmail.com
[DEV] {"to":[["tothrenata.hr@gmail.com",""]]}
[2026-04-05 23:35:31] INFO: E-mail sikeresen elküldve: molnar.gyorgy@uni-obuda.hu
[DEV] {"to":[["molnar.gyorgy@uni-obuda.hu",""]]}
[2026-04-06 19:08:07] INFO: E-mail sikeresen elküldve: julia_cseh@yahoo.de
[DEV] {"to":[["julia_cseh@yahoo.de",""]]}
[2026-04-07 08:04:48] INFO: E-mail sikeresen elküldve: csuka.maria@elms.hu
[DEV] {"to":[["csuka.maria@elms.hu",""]]}
[2026-04-07 17:26:55] INFO: E-mail sikeresen elküldve: vasas.virag@gde.hu
[DEV] {"to":[["vasas.virag@gde.hu",""]]}
[2026-04-07 21:41:59] INFO: E-mail sikeresen elküldve: vidor.robert@uni-bge.hu
[DEV] {"to":[["vidor.robert@uni-bge.hu",""]]}
[2026-04-08 08:42:31] INFO: E-mail sikeresen elküldve: bkszoli@gmail.com
[DEV] {"to":[["bkszoli@gmail.com",""]]}
[2026-04-08 16:01:06] INFO: E-mail sikeresen elküldve: y.susan1201@gmail.com
[DEV] {"to":[["y.susan1201@gmail.com",""]]}
[2026-04-08 17:35:15] INFO: E-mail sikeresen elküldve: kapusi.vanessza@icloud.com
[DEV] {"to":[["kapusi.vanessza@icloud.com",""]]}
[2026-04-11 17:24:29] INFO: E-mail sikeresen elküldve: bendemate17@gmail.com
[DEV] {"to":[["bendemate17@gmail.com",""]]}
[2026-04-13 11:41:33] INFO: E-mail sikeresen elküldve: alevtina_popova@inbox.ru
[DEV] {"to":[["alevtina_popova@inbox.ru",""]]}
[2026-04-13 16:10:02] INFO: E-mail sikeresen elküldve: murai.laszlo@oktig.elte.hu
[DEV] {"to":[["murai.laszlo@oktig.elte.hu",""]]}
[2026-04-14 07:18:17] INFO: E-mail sikeresen elküldve: sinkovicz.szilvia@elms.hu
[DEV] {"to":[["sinkovicz.szilvia@elms.hu",""]]}
[2026-04-14 10:43:17] INFO: E-mail sikeresen elküldve: michna.gabriella@gde.hu
[DEV] {"to":[["michna.gabriella@gde.hu",""]]}
[2026-04-14 13:52:44] INFO: E-mail sikeresen elküldve: vertes.judit@kit.hu
[DEV] {"to":[["vertes.judit@kit.hu",""]]}
[2026-04-14 15:29:32] INFO: E-mail sikeresen elküldve: farkas.veronika@kit.hu
[DEV] {"to":[["farkas.veronika@kit.hu",""]]}
[2026-04-14 15:30:39] INFO: E-mail sikeresen elküldve: racz.anna@kit.hu
[DEV] {"to":[["racz.anna@kit.hu",""]]}
[2026-04-15 00:06:23] INFO: E-mail sikeresen elküldve: fabererzsi@freemail.hu
[DEV] {"to":[["fabererzsi@freemail.hu",""]]}
[2026-04-15 08:19:39] INFO: E-mail sikeresen elküldve: kovacs.reka@kit.hu
[DEV] {"to":[["kovacs.reka@kit.hu",""]]}
[2026-04-15 08:59:47] INFO: E-mail sikeresen elküldve: krisztina.kojtovics-toth@hungarocontrol.hu
[DEV] {"to":[["krisztina.kojtovics-toth@hungarocontrol.hu",""]]}
[2026-04-15 13:52:45] INFO: E-mail sikeresen elküldve: vallyon.andrea@gde.hu
[DEV] {"to":[["vallyon.andrea@gde.hu",""]]}
[2026-04-16 05:11:16] INFO: E-mail sikeresen elküldve: hanggoro.hgr@bsi.ac.id
[DEV] {"to":[["hanggoro.hgr@bsi.ac.id",""]]}
[2026-04-16 10:03:40] INFO: E-mail sikeresen elküldve: manojlovic.helena@gtk.bme.hu
[DEV] {"to":[["manojlovic.helena@gtk.bme.hu",""]]}
[2026-04-16 13:19:21] INFO: E-mail sikeresen elküldve: bobby.boy@bsi.ac.id
[DEV] {"to":[["bobby.boy@bsi.ac.id",""]]}
[2026-04-16 18:06:08] INFO: E-mail sikeresen elküldve: bela.simo@gmail.com
[DEV] {"to":[["bela.simo@gmail.com",""]]}
